  Determining projects to restore...
  All projects are up-to-date for restore.
  KasserPro.Domain -> F:\POS\backend\KasserPro.Domain\bin\Debug\net8.0\KasserPro.Domain.dll
F:\POS\backend\KasserPro.Application\Services\Implementations\ProductBatchService.cs(149,52): error CS1061: 'OrderItem' does not contain a definition for 'TenantId' and no accessible extension method 'TenantId' accepting a first argument of type 'OrderItem' could be found (are you missing a using directive or an assembly reference?) [F:\POS\backend\KasserPro.Application\KasserPro.Application.csproj]

Build FAILED.

F:\POS\backend\KasserPro.Application\Services\Implementations\ProductBatchService.cs(149,52): error CS1061: 'OrderItem' does not contain a definition for 'TenantId' and no accessible extension method 'TenantId' accepting a first argument of type 'OrderItem' could be found (are you missing a using directive or an assembly reference?) [F:\POS\backend\KasserPro.Application\KasserPro.Application.csproj]
    0 Warning(s)
    1 Error(s)

Time Elapsed 00:00:07.25
